../Core/Src/main.c:84:6:TFT_Select	8	static
../Core/Src/main.c:89:6:TFT_Unselect	8	static
../Core/Src/main.c:94:6:TFT_DC_Command	8	static
../Core/Src/main.c:99:6:TFT_DC_Data	8	static
../Core/Src/main.c:104:6:TFT_Reset	8	static
../Core/Src/main.c:112:6:TFT_WriteCommand	16	static
../Core/Src/main.c:120:6:TFT_WriteData	16	static
../Core/Src/main.c:128:6:TFT_WriteBuffer	16	static
../Core/Src/main.c:136:6:ILI9488_Init_Minimal	8	static
../Core/Src/main.c:156:6:ILI9488_SetAddressWindow	32	static
../Core/Src/main.c:177:6:ILI9488_FillScreen	24	static
../Core/Src/main.c:194:6:ILI9488_FillRect	32	static
../Core/Src/main.c:217:6:DrawSegmentA	40	static
../Core/Src/main.c:222:6:DrawSegmentB	40	static
../Core/Src/main.c:227:6:DrawSegmentC	40	static
../Core/Src/main.c:232:6:DrawSegmentD	40	static
../Core/Src/main.c:237:6:DrawSegmentE	40	static
../Core/Src/main.c:242:6:DrawSegmentF	40	static
../Core/Src/main.c:247:6:DrawSegmentG	40	static
../Core/Src/main.c:252:6:DrawDigit7Seg	40	static
../Core/Src/main.c:319:6:SetNextBidAfterLast	4	static
../Core/Src/main.c:344:6:HandleNext	4	static
../Core/Src/main.c:373:6:HandleBack	4	static
../Core/Src/main.c:397:6:HandleOK	8	static
../Core/Src/main.c:427:6:DrawSmallPass	32	static
../Core/Src/main.c:436:6:DrawSmallX	40	static
../Core/Src/main.c:446:6:DrawTinyDigit	48	static
../Core/Src/main.c:483:6:DrawSmallSuit	32	static
../Core/Src/main.c:521:6:AddCallToHistory	16	static
../Core/Src/main.c:531:6:DrawHistory	40	static
../Core/Src/main.c:565:6:ClearTopPanel	24	static
../Core/Src/main.c:570:6:ShowPass	24	static
../Core/Src/main.c:576:6:ShowDouble	24	static
../Core/Src/main.c:582:6:ShowLevel	24	static
../Core/Src/main.c:638:6:ShowSuit	24	static
../Core/Src/main.c:662:6:Render	8	static
../Core/Src/main.c:688:5:main	8	static
../Core/Src/main.c:747:6:SystemClock_Config	88	static
../Core/Src/main.c:782:13:MX_SPI1_Init	8	static
../Core/Src/main.c:802:13:MX_USART2_UART_Init	8	static
../Core/Src/main.c:818:13:MX_GPIO_Init	48	static
../Core/Src/main.c:842:6:Error_Handler	4	static,ignoring_inline_asm
