../Core/Src/main.c:84:6:TFT_Select	1
../Core/Src/main.c:89:6:TFT_Unselect	1
../Core/Src/main.c:94:6:TFT_DC_Command	1
../Core/Src/main.c:99:6:TFT_DC_Data	1
../Core/Src/main.c:104:6:TFT_Reset	1
../Core/Src/main.c:112:6:TFT_WriteCommand	1
../Core/Src/main.c:120:6:TFT_WriteData	1
../Core/Src/main.c:128:6:TFT_WriteBuffer	1
../Core/Src/main.c:136:6:ILI9488_Init_Minimal	1
../Core/Src/main.c:156:6:ILI9488_SetAddressWindow	1
../Core/Src/main.c:177:6:ILI9488_FillScreen	2
../Core/Src/main.c:194:6:ILI9488_FillRect	6
../Core/Src/main.c:217:6:DrawSegmentA	1
../Core/Src/main.c:222:6:DrawSegmentB	1
../Core/Src/main.c:227:6:DrawSegmentC	1
../Core/Src/main.c:232:6:DrawSegmentD	1
../Core/Src/main.c:237:6:DrawSegmentE	1
../Core/Src/main.c:242:6:DrawSegmentF	1
../Core/Src/main.c:247:6:DrawSegmentG	1
../Core/Src/main.c:252:6:DrawDigit7Seg	8
../Core/Src/main.c:319:6:SetNextBidAfterLast	4
../Core/Src/main.c:344:6:HandleNext	8
../Core/Src/main.c:373:6:HandleBack	6
../Core/Src/main.c:397:6:HandleOK	5
../Core/Src/main.c:427:6:DrawSmallPass	1
../Core/Src/main.c:436:6:DrawSmallX	2
../Core/Src/main.c:446:6:DrawTinyDigit	10
../Core/Src/main.c:483:6:DrawSmallSuit	6
../Core/Src/main.c:521:6:AddCallToHistory	2
../Core/Src/main.c:531:6:DrawHistory	6
../Core/Src/main.c:565:6:ClearTopPanel	1
../Core/Src/main.c:570:6:ShowPass	1
../Core/Src/main.c:576:6:ShowDouble	1
../Core/Src/main.c:582:6:ShowLevel	8
../Core/Src/main.c:638:6:ShowSuit	6
../Core/Src/main.c:662:6:Render	5
../Core/Src/main.c:688:5:main	7
../Core/Src/main.c:747:6:SystemClock_Config	3
../Core/Src/main.c:782:13:MX_SPI1_Init	2
../Core/Src/main.c:802:13:MX_USART2_UART_Init	2
../Core/Src/main.c:818:13:MX_GPIO_Init	1
../Core/Src/main.c:842:6:Error_Handler	1
